---
source: xee-xpath-compiler/src/ast_ir.rs
expression: "convert_expr_single(\"$unknown\")"
---
Err(
    SpannedError {
        error: Error {
            code: XPST0008,
            message: None,
        },
        span: Some(
            SourceSpan(
                0,
                8,
            ),
        ),
    },
)
