---
source: xee-xpath-compiler/src/ast_ir.rs
expression: "convert_expr_single(\"1 cast as unknown\")"
---
Err(
    SpannedError {
        error: Error {
            code: XQST0052,
            message: None,
        },
        span: Some(
            SourceSpan(
                0,
                17,
            ),
        ),
    },
)
