---
source: xee-xpath-compiler/src/ast_ir.rs
expression: "convert_xpath(\"function() { . }\")"
---
Err(
    SpannedError {
        error: Error {
            code: XPDY0002,
            message: Some(
                "Component absent in dynamic context.",
            ),
        },
        span: Some(
            SourceSpan(
                13,
                14,
            ),
        ),
    },
)
