---
source: xee-xpath-compiler/src/ast_ir.rs
expression: "convert_expr_single(\"unknown_function#2\")"
---
Err(
    SpannedError {
        error: Error {
            code: XPST0017,
            message: Some(
                "Type error: incorrect function name or number of arguments.",
            ),
        },
        span: Some(
            SourceSpan(
                0,
                18,
            ),
        ),
    },
)
