---
source: xee-xpath/tests/xpath.rs
expression: "run(\"'foo:bar' cast as xs:QName\")"
---
Err(
    SpannedError {
        error: Error {
            code: FORG0001,
            message: Some(
                "Cannot cast as xs:QName: foo:bar (xs:string)",
            ),
        },
        span: Some(
            SourceSpan(
                0,
                26,
            ),
        ),
    },
)
