---
source: xee-xpath/tests/xpath.rs
expression: "run(\"'flurb' cast as xs:base64Binary\")"
---
Err(
    SpannedError {
        error: Error {
            code: FORG0001,
            message: None,
        },
        span: Some(
            SourceSpan(
                0,
                31,
            ),
        ),
    },
)
