---
source: xee-xpath/tests/xpath.rs
expression: "run(\"fn:position()\")"
---
Err(
    SpannedError {
        error: Error {
            code: XPDY0002,
            message: Some(
                "Component absent in dynamic context.",
            ),
        },
        span: Some(
            SourceSpan(
                0,
                13,
            ),
        ),
    },
)
