---
source: xee-xpath/tests/xpath.rs
expression: "run(\"() cast as xs:string\")"
---
Err(
    SpannedError {
        error: Error {
            code: XPTY0004,
            message: None,
        },
        span: Some(
            SourceSpan(
                0,
                20,
            ),
        ),
    },
)
