---
source: xee-xpath/tests/xpath.rs
expression: "run(\"let $x := $x return $x\")"
---
Err(
    SpannedError {
        error: Error {
            code: XPST0008,
            message: None,
        },
        span: Some(
            SourceSpan(
                10,
                12,
            ),
        ),
    },
)
