---
source: xee-xpath/tests/xpath.rs
expression: "run(\"fn:last()\")"
---
Err(
    SpannedError {
        error: Error {
            code: XPDY0002,
            message: None,
        },
        span: Some(
            SourceSpan(
                0,
                9,
            ),
        ),
    },
)
